[16:43:15] [main/INFO] (FabricLoader/GameProvider) Loading Minecraft 1.21.10 with Fabric Loader 0.19.2
[16:43:15] [ForkJoinPool-1-worker-1/WARN] (FabricLoader/Metadata) The mod "beaconoverhaul" contains invalid entries in its mod json:
- Unsupported root entry "access_widener" at line 25 column 19
[16:43:15] [main/INFO] (FabricLoader) Loading 51 mods:
	- beaconoverhaul 1.8.4+1.21.10
	- fabric-api 0.138.4+1.21.10
	- fabric-api-base 1.0.0+14b92d896f
	- fabric-api-lookup-api-v1 1.6.106+d17682156f
	- fabric-biome-api-v1 16.1.0+c2417d4f6f
	- fabric-block-api-v1 1.1.5+d17682156f
	- fabric-block-view-api-v2 1.0.34+e4fd1b926f
	- fabric-client-gametest-api-v1 4.2.13+14b92d896f
	- fabric-command-api-v2 2.4.0+c0ab2d5d6f
	- fabric-content-registries-v0 10.2.6+b6a242646f
	- fabric-convention-tags-v1 2.1.49+7f945d5b6f
	- fabric-convention-tags-v2 2.17.0+ff7bc77d6f
	- fabric-crash-report-info-v1 0.3.18+33df5e6e6f
	- fabric-data-attachment-api-v1 1.8.33+cd3b9e596f
	- fabric-data-generation-api-v1 23.2.27+d8b85ef16f
	- fabric-dimensions-v1 4.0.22+38b9cc196f
	- fabric-entity-events-v1 2.1.13+fde3702c6f
	- fabric-events-interaction-v0 4.0.36+5ba217126f
	- fabric-game-rule-api-v1 1.1.1+e47eaae56f
	- fabric-gametest-api-v1 3.1.21+33df5e6e6f
	- fabric-item-api-v1 11.5.11+9bce411b6f
	- fabric-item-group-api-v1 4.2.27+86b3ae576f
	- fabric-key-binding-api-v1 1.1.1+b3ba9c486f
	- fabric-lifecycle-events-v1 2.6.9+33df5e6e6f
	- fabric-loot-api-v2 3.0.67+3f89f5a56f
	- fabric-loot-api-v3 2.0.14+d17682156f
	- fabric-message-api-v1 6.1.7+3154c1c86f
	- fabric-model-loading-api-v1 6.0.5+3ffd6ef06f
	- fabric-networking-api-v1 5.1.0+b095d8db6f
	- fabric-object-builder-api-v1 21.1.28+9bce411b6f
	- fabric-particles-v1 4.2.3+a0ee59a46f
	- fabric-recipe-api-v1 8.2.0+39709ef06f
	- fabric-registry-sync-v0 6.1.42+679c8c5c6f
	- fabric-renderer-api-v1 7.2.3+9be2a36e6f
	- fabric-renderer-indigo 4.1.4+9be2a36e6f
	- fabric-rendering-fluids-v1 3.1.38+86b3ae576f
	- fabric-rendering-v1 16.2.0+bee81f016f
	- fabric-resource-conditions-api-v1 5.0.28+33df5e6e6f
	- fabric-resource-loader-v0 3.3.1+d4d4122a6f
	- fabric-resource-loader-v1 1.0.4+14959b836f
	- fabric-screen-api-v1 3.1.0+9c82a7986f
	- fabric-screen-handler-api-v1 1.3.151+d17682156f
	- fabric-serialization-api-v1 1.0.0+d857c9766f
	- fabric-sound-api-v1 1.0.45+328a75ba6f
	- fabric-tag-api-v1 1.2.13+2fa446b26f
	- fabric-transfer-api-v1 6.0.15+79ec2c126f
	- fabric-transitive-access-wideners-v1 6.5.3+41eb43436f
	- fabricloader 0.19.2
	- java 21
	- minecraft 1.21.10
	- mixinextras 0.5.4
[16:43:15] [main/INFO] (FabricLoader/Mixin) SpongePowered MIXIN Subsystem Version=0.8.7 Source=file:/C:/Users/Belu97/.gradle/caches/modules-2/files-2.1/net.fabricmc/sponge-mixin/0.17.2+mixin.0.8.7/edf98d1d98229e46e36c61774ae2b54dcd852981/sponge-mixin-0.17.2+mixin.0.8.7.jar Service=Knot/Fabric Env=CLIENT
[16:43:15] [main/INFO] (FabricLoader/Mixin) Loaded Fabric development mappings for mixin remapper!
[16:43:15] [main/INFO] (FabricLoader/Mixin) Compatibility level set to JAVA_21
[16:43:17] [main/INFO] (FabricLoader/MixinExtras|Service) Initializing MixinExtras via com.llamalad7.mixinextras.service.MixinExtrasServiceImpl(version=0.5.4).
[16:43:18] [Datafixer Bootstrap/INFO] (Minecraft) 278 Datafixer optimizations took 471 milliseconds
[16:43:24] [Render thread/INFO] (Minecraft) Environment: Environment[sessionHost=https://sessionserver.mojang.com, servicesHost=https://api.minecraftservices.com, profilesHost=https://api.mojang.com, name=PROD]
[16:43:24] [Render thread/INFO] (Minecraft) Setting user: Player682
[16:43:24] [Render thread/INFO] (Indigo) [Indigo] Registering Indigo renderer!
[16:43:24] [Download-1/ERROR] (Minecraft) Got an error with a html body connecting to https://sessionserver.mojang.com/session/minecraft/profile/2ec36810f0f33c4cb9b5ef9a4a85598d?unsigned=false: <html>
<head><title>403 Forbidden</title></head>
<body>
<center><h1>403 Forbidden</h1></center>
<hr><center>Microsoft-Azure-Application-Gateway/v2</center>
</body>
</html>

[16:43:24] [Download-1/WARN] (Minecraft) Couldn't look up profile properties for 2ec36810-f0f3-3c4c-b9b5-ef9a4a85598d
com.mojang.authlib.exceptions.MinecraftClientHttpException: Status: 403
	at knot/com.mojang.authlib.minecraft.client.MinecraftClient.readInputStream(MinecraftClient.java:100) ~[authlib-7.0.61.jar:?]
	at knot/com.mojang.authlib.minecraft.client.MinecraftClient.get(MinecraftClient.java:56) ~[authlib-7.0.61.jar:?]
	at knot/com.mojang.authlib.yggdrasil.YggdrasilMinecraftSessionService.fetchProfileUncached(YggdrasilMinecraftSessionService.java:197) ~[authlib-7.0.61.jar:?]
	at knot/com.mojang.authlib.yggdrasil.YggdrasilMinecraftSessionService.fetchProfile(YggdrasilMinecraftSessionService.java:167) ~[authlib-7.0.61.jar:?]
	at knot/net.minecraft.client.Minecraft.method_53464(Minecraft.java:461) ~[minecraft-merged-aee557825f-1.21.10-loom.mappings.1_21_10.layered+hash.2198-v2.jar:?]
	at java.base/java.util.concurrent.CompletableFuture$AsyncSupply.run(CompletableFuture.java:1768) ~[?:?]
	at java.base/java.util.concurrent.ThreadPoolExecutor.runWorker(ThreadPoolExecutor.java:1144) ~[?:?]
	at java.base/java.util.concurrent.ThreadPoolExecutor$Worker.run(ThreadPoolExecutor.java:642) ~[?:?]
	at java.base/java.lang.Thread.run(Thread.java:1583) [?:?]
[16:43:24] [Download-2/ERROR] (Minecraft) Failed to fetch user properties
com.mojang.authlib.exceptions.InvalidCredentialsException: Status: 401
	at knot/com.mojang.authlib.exceptions.MinecraftClientHttpException.toAuthenticationException(MinecraftClientHttpException.java:59) ~[authlib-7.0.61.jar:?]
	at knot/com.mojang.authlib.yggdrasil.YggdrasilUserApiService.fetchProperties(YggdrasilUserApiService.java:150) ~[authlib-7.0.61.jar:?]
	at knot/net.minecraft.client.Minecraft.method_55608(Minecraft.java:465) ~[minecraft-merged-aee557825f-1.21.10-loom.mappings.1_21_10.layered+hash.2198-v2.jar:?]
	at java.base/java.util.concurrent.CompletableFuture$AsyncSupply.run(CompletableFuture.java:1768) ~[?:?]
	at java.base/java.util.concurrent.ThreadPoolExecutor.runWorker(ThreadPoolExecutor.java:1144) ~[?:?]
	at java.base/java.util.concurrent.ThreadPoolExecutor$Worker.run(ThreadPoolExecutor.java:642) ~[?:?]
	at java.base/java.lang.Thread.run(Thread.java:1583) [?:?]
Caused by: com.mojang.authlib.exceptions.MinecraftClientHttpException: Status: 401
	at knot/com.mojang.authlib.minecraft.client.MinecraftClient.readInputStream(MinecraftClient.java:103) ~[authlib-7.0.61.jar:?]
	at knot/com.mojang.authlib.minecraft.client.MinecraftClient.get(MinecraftClient.java:56) ~[authlib-7.0.61.jar:?]
	at knot/com.mojang.authlib.yggdrasil.YggdrasilUserApiService.fetchProperties(YggdrasilUserApiService.java:121) ~[authlib-7.0.61.jar:?]
	... 5 more
[16:43:25] [Render thread/INFO] (Minecraft) Backend library: LWJGL version 3.3.3-snapshot
[16:43:26] [Render thread/INFO] (Minecraft) Using optional rendering extensions: GL_ARB_buffer_storage, GL_KHR_debug, GL_ARB_vertex_attrib_binding, GL_ARB_direct_state_access
[16:43:27] [Download-2/INFO] (Minecraft) Could not authorize you against Realms server: java.lang.RuntimeException: Failed to parse into SignedJWT: FabricMC
[16:43:27] [Download-2/ERROR] (Minecraft) Failed to fetch Realms feature flags
com.mojang.realmsclient.exception.RealmsServiceException: Realms authentication error with message 'java.lang.RuntimeException: Failed to parse into SignedJWT: FabricMC'
	at knot/com.mojang.realmsclient.client.RealmsClient.execute(RealmsClient.java:536) ~[minecraft-merged-aee557825f-1.21.10-loom.mappings.1_21_10.layered+hash.2198-v2.jar:?]
	at knot/com.mojang.realmsclient.client.RealmsClient.fetchFeatureFlags(RealmsClient.java:189) ~[minecraft-merged-aee557825f-1.21.10-loom.mappings.1_21_10.layered+hash.2198-v2.jar:?]
	at java.base/java.util.concurrent.CompletableFuture$AsyncSupply.run(CompletableFuture.java:1768) ~[?:?]
	at java.base/java.util.concurrent.ThreadPoolExecutor.runWorker(ThreadPoolExecutor.java:1144) ~[?:?]
	at java.base/java.util.concurrent.ThreadPoolExecutor$Worker.run(ThreadPoolExecutor.java:642) ~[?:?]
	at java.base/java.lang.Thread.run(Thread.java:1583) [?:?]
[16:43:27] [Render thread/INFO] (Minecraft) Reloading ResourceManager: vanilla, fabric, beaconoverhaul, fabric-api, fabric-api-base, fabric-api-lookup-api-v1, fabric-biome-api-v1, fabric-block-api-v1, fabric-block-view-api-v2, fabric-client-gametest-api-v1, fabric-command-api-v2, fabric-content-registries-v0, fabric-convention-tags-v1, fabric-convention-tags-v2, fabric-crash-report-info-v1, fabric-data-attachment-api-v1, fabric-data-generation-api-v1, fabric-dimensions-v1, fabric-entity-events-v1, fabric-events-interaction-v0, fabric-game-rule-api-v1, fabric-gametest-api-v1, fabric-item-api-v1, fabric-item-group-api-v1, fabric-key-binding-api-v1, fabric-lifecycle-events-v1, fabric-loot-api-v2, fabric-loot-api-v3, fabric-message-api-v1, fabric-model-loading-api-v1, fabric-networking-api-v1, fabric-object-builder-api-v1, fabric-particles-v1, fabric-recipe-api-v1, fabric-registry-sync-v0, fabric-renderer-api-v1, fabric-renderer-indigo, fabric-rendering-fluids-v1, fabric-rendering-v1, fabric-resource-conditions-api-v1, fabric-resource-loader-v0, fabric-resource-loader-v1, fabric-screen-api-v1, fabric-screen-handler-api-v1, fabric-serialization-api-v1, fabric-sound-api-v1, fabric-tag-api-v1, fabric-transfer-api-v1, fabric-transitive-access-wideners-v1, fabricloader
[16:43:27] [Worker-Main-8/INFO] (Minecraft) Found unifont_jp_patch-16.0.03.hex, loading
[16:43:27] [Worker-Main-15/INFO] (Minecraft) Found unifont_all_no_pua-16.0.03.hex, loading
[16:43:27] [Worker-Main-10/INFO] (Minecraft) Found unifont_pua-16.0.03.hex, loading
[16:43:28] [Render thread/INFO] (Minecraft) OpenAL initialized on device OpenAL Soft on Speakers (Realtek(R) Audio)
[16:43:28] [Render thread/INFO] (Minecraft) Sound engine started
[16:43:28] [Render thread/INFO] (Minecraft) Created: 512x256x0 minecraft:textures/atlas/particles.png-atlas
[16:43:28] [Render thread/INFO] (Minecraft) Created: 128x64x0 minecraft:textures/atlas/decorated_pot.png-atlas
[16:43:28] [Render thread/INFO] (Minecraft) Created: 2048x1024x0 minecraft:textures/atlas/armor_trims.png-atlas
[16:43:28] [Render thread/INFO] (Minecraft) Created: 512x256x0 minecraft:textures/atlas/paintings.png-atlas
[16:43:28] [Render thread/INFO] (Minecraft) Created: 512x512x0 minecraft:textures/atlas/shield_patterns.png-atlas
[16:43:28] [Render thread/INFO] (Minecraft) Created: 1024x512x4 minecraft:textures/atlas/blocks.png-atlas
[16:43:28] [Render thread/INFO] (Minecraft) Created: 512x256x0 minecraft:textures/atlas/chest.png-atlas
[16:43:28] [Render thread/INFO] (Minecraft) Created: 512x512x0 minecraft:textures/atlas/banner_patterns.png-atlas
[16:43:28] [Render thread/INFO] (Minecraft) Created: 512x256x0 minecraft:textures/atlas/beds.png-atlas
[16:43:28] [Render thread/INFO] (Minecraft) Created: 1024x512x0 minecraft:textures/atlas/gui.png-atlas
[16:43:28] [Render thread/INFO] (Minecraft) Created: 64x64x0 minecraft:textures/atlas/map_decorations.png-atlas
[16:43:28] [Render thread/INFO] (Minecraft) Created: 256x256x0 minecraft:textures/atlas/signs.png-atlas
[16:43:28] [Render thread/INFO] (Minecraft) Created: 512x256x0 minecraft:textures/atlas/shulker_boxes.png-atlas
[16:43:28] [IO-Worker-1/INFO] (Minecraft) Could not authorize you against Realms server: java.lang.RuntimeException: Failed to parse into SignedJWT: FabricMC
[16:43:28] [IO-Worker-1/ERROR] (Minecraft) Couldn't connect to realms
com.mojang.realmsclient.exception.RealmsServiceException: Realms authentication error with message 'java.lang.RuntimeException: Failed to parse into SignedJWT: FabricMC'
	at knot/com.mojang.realmsclient.client.RealmsClient.execute(RealmsClient.java:536) ~[minecraft-merged-aee557825f-1.21.10-loom.mappings.1_21_10.layered+hash.2198-v2.jar:?]
	at knot/com.mojang.realmsclient.client.RealmsClient.clientCompatible(RealmsClient.java:316) ~[minecraft-merged-aee557825f-1.21.10-loom.mappings.1_21_10.layered+hash.2198-v2.jar:?]
	at knot/com.mojang.realmsclient.RealmsAvailability.method_52627(RealmsAvailability.java:49) ~[minecraft-merged-aee557825f-1.21.10-loom.mappings.1_21_10.layered+hash.2198-v2.jar:?]
	at java.base/java.util.concurrent.CompletableFuture$AsyncSupply.run(CompletableFuture.java:1768) ~[?:?]
	at java.base/java.util.concurrent.ThreadPoolExecutor.runWorker(ThreadPoolExecutor.java:1144) ~[?:?]
	at java.base/java.util.concurrent.ThreadPoolExecutor$Worker.run(ThreadPoolExecutor.java:642) ~[?:?]
	at java.base/java.lang.Thread.run(Thread.java:1583) [?:?]
[16:44:23] [Render thread/INFO] (Minecraft) Loaded 1461 recipes
[16:44:23] [Render thread/INFO] (Minecraft) Loaded 1574 advancements
[16:44:23] [Render thread/INFO] (BiomeModificationImpl) Applied 0 biome modifications to 0 of 65 new biomes in 1.120 ms
[16:44:23] [Server thread/INFO] (Minecraft) Starting integrated minecraft server version 1.21.10
[16:44:23] [Server thread/INFO] (Minecraft) Generating keypair
[16:44:24] [Server thread/INFO] (Minecraft) Loading 0 persistent chunks...
[16:44:24] [Server thread/INFO] (Minecraft) Preparing spawn area: 16%
[16:44:24] [Server thread/INFO] (Minecraft) Loading 49 chunks for player spawn...
[16:44:24] [Server thread/INFO] (Minecraft) Preparing spawn area: 16%
[16:44:25] [Server thread/INFO] (Minecraft) Time elapsed: 935 ms
[16:44:25] [Server thread/INFO] (Minecraft) Player682[local:E:a54470b7] logged in with entity id 57 at (75.65814615671549, 74.0, -32.37136218814697)
[16:44:25] [Server thread/INFO] (Minecraft) Player682 joined the game
[16:44:25] [Server thread/INFO] (Minecraft) Player682 has made the advancement [Acquire Hardware]
[16:44:25] [Render thread/INFO] (Minecraft) [System] [CHAT] Player682 has made the advancement [Acquire Hardware]
[16:44:25] [Server thread/INFO] (Minecraft) Changing view distance to 12, from 10
[16:44:25] [Server thread/INFO] (Minecraft) Changing simulation distance to 12, from 0
[16:44:25] [Render thread/INFO] (Minecraft) Resizing Dynamic Transforms UBO, capacity limit of 2 reached during a single frame. New capacity will be 4.
[16:44:25] [Render thread/INFO] (Minecraft) Resizing Dynamic Transforms UBO, capacity limit of 4 reached during a single frame. New capacity will be 8.
[16:44:25] [Render thread/INFO] (Minecraft) Loaded 42 advancements
[16:44:25] [Server thread/INFO] (Minecraft) Player682 has reached the goal [Beaconator]
[16:44:25] [Server thread/INFO] (Minecraft) Player682 has made the advancement [Bring Home the Beacon]
[16:44:25] [Render thread/INFO] (Minecraft) [System] [CHAT] Player682 has reached the goal [Beaconator]
[16:44:25] [Render thread/INFO] (Minecraft) [System] [CHAT] Player682 has made the advancement [Bring Home the Beacon]
[16:44:25] [Render thread/INFO] (Minecraft) Loaded 48 advancements
[16:44:25] [Render thread/INFO] (Minecraft) Resizing Dynamic Transforms UBO, capacity limit of 8 reached during a single frame. New capacity will be 16.
[16:44:26] [Render thread/INFO] (Minecraft) Resizing Dynamic Transforms UBO, capacity limit of 16 reached during a single frame. New capacity will be 32.
[16:44:26] [Render thread/INFO] (Minecraft) Resizing Dynamic Transforms UBO, capacity limit of 32 reached during a single frame. New capacity will be 64.
[16:44:26] [Render thread/INFO] (Minecraft) Resizing Dynamic Transforms UBO, capacity limit of 64 reached during a single frame. New capacity will be 128.
[16:44:26] [Render thread/INFO] (Minecraft) Resizing Dynamic Transforms UBO, capacity limit of 128 reached during a single frame. New capacity will be 256.
[16:44:26] [Render thread/INFO] (Minecraft) Resizing Dynamic Transforms UBO, capacity limit of 256 reached during a single frame. New capacity will be 512.
[16:44:27] [Render thread/INFO] (Minecraft) Resizing Dynamic Transforms UBO, capacity limit of 512 reached during a single frame. New capacity will be 1024.
[16:44:33] [Render thread/INFO] (Minecraft) Resizing Dynamic Transforms UBO, capacity limit of 1024 reached during a single frame. New capacity will be 2048.
[16:44:35] [Server thread/INFO] (Minecraft) [Player682: Set own game mode to Creative Mode]
[16:44:35] [Render thread/INFO] (Minecraft) [System] [CHAT] Set own game mode to Creative Mode
[16:44:56] [Server thread/INFO] (Minecraft) [Player682: Removed every effect from Player682]
[16:44:56] [Render thread/INFO] (Minecraft) [System] [CHAT] Removed every effect from Player682
[16:46:00] [Server thread/INFO] (Minecraft) Saving and pausing game...
[16:46:01] [Server thread/INFO] (Minecraft) Saving chunks for level 'ServerLevel[New World]'/minecraft:overworld
[16:46:01] [Server thread/INFO] (Minecraft) Saving chunks for level 'ServerLevel[New World]'/minecraft:the_end
[16:46:01] [Server thread/INFO] (Minecraft) Saving chunks for level 'ServerLevel[New World]'/minecraft:the_nether
[16:46:06] [Server thread/INFO] (Minecraft) Saving and pausing game...
[16:46:06] [Server thread/INFO] (Minecraft) Saving chunks for level 'ServerLevel[New World]'/minecraft:overworld
[16:46:06] [Server thread/INFO] (Minecraft) Saving chunks for level 'ServerLevel[New World]'/minecraft:the_end
[16:46:06] [Server thread/INFO] (Minecraft) Saving chunks for level 'ServerLevel[New World]'/minecraft:the_nether
[16:46:07] [Server thread/INFO] (Minecraft) Player682 lost connection: Disconnected
[16:46:07] [Server thread/INFO] (Minecraft) Player682 left the game
[16:46:07] [Server thread/INFO] (Minecraft) Stopping singleplayer server as player logged out
[16:46:07] [Server thread/INFO] (Minecraft) Stopping server
[16:46:07] [Server thread/INFO] (Minecraft) Saving players
[16:46:07] [Server thread/INFO] (Minecraft) Saving worlds
[16:46:07] [Server thread/INFO] (Minecraft) Saving chunks for level 'ServerLevel[New World]'/minecraft:overworld
[16:46:07] [Server thread/INFO] (Minecraft) Saving chunks for level 'ServerLevel[New World]'/minecraft:the_end
[16:46:07] [Server thread/INFO] (Minecraft) Saving chunks for level 'ServerLevel[New World]'/minecraft:the_nether
[16:46:07] [Server thread/INFO] (Minecraft) ThreadedAnvilChunkStorage (New World): All chunks are saved
[16:46:07] [Server thread/INFO] (Minecraft) ThreadedAnvilChunkStorage (DIM1): All chunks are saved
[16:46:07] [Server thread/INFO] (Minecraft) ThreadedAnvilChunkStorage (DIM-1): All chunks are saved
[16:46:07] [Server thread/INFO] (Minecraft) ThreadedAnvilChunkStorage: All dimensions are saved
[16:46:08] [Render thread/INFO] (Minecraft) Stopping!
